// Vitest Snapshot v1, https://vitest.dev/guide/snapshot.html

exports[`admin platform Node coverage > classifies every Shopify Node implementor from live introspection 1`] = `
[
  "AbandonedCheckout",
  "AbandonedCheckoutLineItem",
  "AddAllProductsOperation",
  "AdditionalFee",
  "App",
  "AppCatalog",
  "AppCredit",
  "AppInstallation",
  "AppPurchaseOneTime",
  "AppRevenueAttributionRecord",
  "AppSubscription",
  "AppUsageRecord",
  "BasicEvent",
  "CalculatedOrder",
  "CartTransform",
  "CashDrawer",
  "CashManagementCustomReasonCode",
  "CashManagementDefaultReasonCode",
  "CashManagementSystemReasonCode",
  "CashTrackingAdjustment",
  "CatalogCsvOperation",
  "ChannelDefinition",
  "ChannelInformation",
  "CheckoutAndAccountsConfiguration",
  "CheckoutAndAccountsConfigurationOverride",
  "CheckoutProfile",
  "CommentEvent",
  "CompanyAddress",
  "CompanyContactRoleAssignment",
  "CompanyLocationCatalog",
  "CompanyLocationStaffMemberAssignment",
  "ConsentPolicy",
  "CurrencyExchangeAdjustment",
  "CustomerAccountAppExtensionPage",
  "CustomerAccountNativePage",
  "CustomerVisit",
  "DeliveryCustomization",
  "DeliveryMethod",
  "DeliveryProfileItem",
  "DeliveryPromiseParticipant",
  "DeliveryPromiseProvider",
  "DiscountAutomaticBxgy",
  "DiscountRedeemCodeBulkCreation",
  "DraftOrderLineItem",
  "DraftOrderTag",
  "Duty",
  "ExchangeLineItem",
  "ExchangeV2",
  "FulfillmentConstraintRule",
  "FulfillmentEvent",
  "FulfillmentHold",
  "FulfillmentLineItem",
  "FulfillmentOrderDestination",
  "FulfillmentOrderLineItem",
  "FulfillmentOrderMerchantRequest",
  "GiftCardCreditTransaction",
  "GiftCardDebitTransaction",
  "InventoryAdjustmentGroup",
  "InventoryItemMeasurement",
  "InventoryQuantity",
  "InventoryShipmentLineItem",
  "InventoryTransferLineItem",
  "LineItem",
  "LineItemGroup",
  "MailingAddress",
  "Menu",
  "OrderAdjustment",
  "OrderDisputeSummary",
  "OrderEditSession",
  "OrderTransaction",
  "PaymentMandate",
  "PaymentSchedule",
  "PaymentTerms",
  "PointOfSaleDevicePaymentSession",
  "PriceRule",
  "PriceRuleDiscountCode",
  "ProductDeleteOperation",
  "ProductTaxonomyNode",
  "ProductVariantComponent",
  "PublicationResourceOperation",
  "QuantityPriceBreak",
  "Refund",
  "RefundShippingLine",
  "ReturnableFulfillment",
  "ReturnLineItem",
  "ReturnReasonDefinition",
  "ReverseDeliveryLineItem",
  "ReverseFulfillmentOrderDisposition",
  "ReverseFulfillmentOrderLineItem",
  "SaleAdditionalFee",
  "SellingPlan",
  "ShopAddress",
  "ShopifyPaymentsAccount",
  "ShopifyPaymentsBalanceTransaction",
  "ShopifyPaymentsBankAccount",
  "ShopifyPaymentsDisputeEvidence",
  "ShopifyPaymentsDisputeFileUpload",
  "ShopifyPaymentsDisputeFulfillment",
  "ShopifyPaymentsPayout",
  "ShopPolicy",
  "StaffMember",
  "StandardMetafieldDefinitionTemplate",
  "StoreCreditAccountCreditTransaction",
  "StoreCreditAccountDebitRevertTransaction",
  "StoreCreditAccountDebitTransaction",
  "StorefrontAccessToken",
  "SubscriptionBillingAttempt",
  "SubscriptionContract",
  "SubscriptionDraft",
  "TaxonomyAttribute",
  "TaxonomyChoiceListAttribute",
  "TaxonomyMeasurementAttribute",
  "TaxonomyValue",
  "TenderTransaction",
  "TransactionFee",
  "UnverifiedReturnLineItem",
  "UrlRedirect",
  "UrlRedirectImport",
]
`;

exports[`admin platform Node coverage > keeps implemented singular Node roots wired into generic node dispatch 1`] = `
[
  "staffMember:StaffMember",
]
`;
