// Vitest Snapshot v1, https://vitest.dev/guide/snapshot.html

exports[`conformance capture index > profiles checked-in conformance fixtures without recorder-declared outputs 1`] = `
[
  "fixtures/conformance/harry-test-heelo.myshopify.com/2025-01/b2b/b2b-company-mutation-validation.json",
  "fixtures/conformance/harry-test-heelo.myshopify.com/2025-01/b2b/b2b-company-roots-read.json",
  "fixtures/conformance/harry-test-heelo.myshopify.com/2025-01/customers/customers-advanced-search.json",
  "fixtures/conformance/harry-test-heelo.myshopify.com/2025-01/customers/customers-catalog.json",
  "fixtures/conformance/harry-test-heelo.myshopify.com/2025-01/customers/customers-count.json",
  "fixtures/conformance/harry-test-heelo.myshopify.com/2025-01/customers/customers-relevance-search.json",
  "fixtures/conformance/harry-test-heelo.myshopify.com/2025-01/customers/customers-search.json",
  "fixtures/conformance/harry-test-heelo.myshopify.com/2025-01/customers/customers-sort-keys.json",
  "fixtures/conformance/harry-test-heelo.myshopify.com/2025-01/events/event-empty-read.json",
  "fixtures/conformance/harry-test-heelo.myshopify.com/2025-01/markets/quantity-pricing-rules-parity.json",
  "fixtures/conformance/harry-test-heelo.myshopify.com/2025-01/metafields/metafield-definition-pinning-parity.json",
  "fixtures/conformance/harry-test-heelo.myshopify.com/2025-01/metafields/metafield-definitions-product-read.json",
  "fixtures/conformance/harry-test-heelo.myshopify.com/2025-01/online-store-article-media-navigation-follow-through.json",
  "fixtures/conformance/harry-test-heelo.myshopify.com/2025-01/online-store/online-store-content-lifecycle.json",
  "fixtures/conformance/harry-test-heelo.myshopify.com/2025-01/orders/abandoned-checkout-empty-read.json",
  "fixtures/conformance/harry-test-heelo.myshopify.com/2025-01/orders/abandonment-delivery-status-unknown.json",
  "fixtures/conformance/harry-test-heelo.myshopify.com/2025-01/orders/fulfillment-cancel-parity.json",
  "fixtures/conformance/harry-test-heelo.myshopify.com/2025-01/orders/refund-create-full-parity.json",
  "fixtures/conformance/harry-test-heelo.myshopify.com/2025-01/orders/refund-create-over-refund-user-errors.json",
  "fixtures/conformance/harry-test-heelo.myshopify.com/2025-01/orders/refund-create-partial-shipping-restock-parity.json",
  "fixtures/conformance/harry-test-heelo.myshopify.com/2025-01/orders/refund-create-user-errors-and-quantities.json",
  "fixtures/conformance/harry-test-heelo.myshopify.com/2025-01/payments/payment-customization-empty-read.json",
  "fixtures/conformance/harry-test-heelo.myshopify.com/2025-01/payments/payment-customization-validation.json",
  "fixtures/conformance/harry-test-heelo.myshopify.com/2025-01/payments/payment-reminder-send-eligibility.json",
  "fixtures/conformance/harry-test-heelo.myshopify.com/2025-01/payments/payment-terms-templates-read.json",
  "fixtures/conformance/harry-test-heelo.myshopify.com/2025-01/payments/shopify-payments-account-access-denied.json",
  "fixtures/conformance/harry-test-heelo.myshopify.com/2025-01/payments/store-credit-account-access.json",
  "fixtures/conformance/harry-test-heelo.myshopify.com/2025-01/products/inventory-transfer-create-validation.json",
  "fixtures/conformance/harry-test-heelo.myshopify.com/2025-01/products/inventory-transfer-lifecycle-local-staging.json",
  "fixtures/conformance/harry-test-heelo.myshopify.com/2025-01/products/metafields-delete-parity.json",
  "fixtures/conformance/harry-test-heelo.myshopify.com/2025-01/products/metafields-set-cas-success-parity.json",
  "fixtures/conformance/harry-test-heelo.myshopify.com/2025-01/products/metafields-set-duplicate-input-parity.json",
  "fixtures/conformance/harry-test-heelo.myshopify.com/2025-01/products/metafields-set-missing-key-parity.json",
  "fixtures/conformance/harry-test-heelo.myshopify.com/2025-01/products/metafields-set-missing-namespace-parity.json",
  "fixtures/conformance/harry-test-heelo.myshopify.com/2025-01/products/metafields-set-missing-owner-parity.json",
  "fixtures/conformance/harry-test-heelo.myshopify.com/2025-01/products/metafields-set-missing-type-parity.json",
  "fixtures/conformance/harry-test-heelo.myshopify.com/2025-01/products/metafields-set-missing-value-parity.json",
  "fixtures/conformance/harry-test-heelo.myshopify.com/2025-01/products/metafields-set-null-create-parity.json",
  "fixtures/conformance/harry-test-heelo.myshopify.com/2025-01/products/metafields-set-over-limit-parity.json",
  "fixtures/conformance/harry-test-heelo.myshopify.com/2025-01/products/metafields-set-owner-expansion-parity.json",
  "fixtures/conformance/harry-test-heelo.myshopify.com/2025-01/products/metafields-set-parity.json",
  "fixtures/conformance/harry-test-heelo.myshopify.com/2025-01/products/metafields-set-stale-digest-parity.json",
  "fixtures/conformance/harry-test-heelo.myshopify.com/2025-01/products/products-variant-search.json",
  "fixtures/conformance/harry-test-heelo.myshopify.com/2025-01/products/tags-add-parity.json",
  "fixtures/conformance/harry-test-heelo.myshopify.com/2025-01/products/tags-remove-parity.json",
  "fixtures/conformance/harry-test-heelo.myshopify.com/2025-01/saved-searches/saved-search-url-redirects.json",
  "fixtures/conformance/harry-test-heelo.myshopify.com/2025-01/segments/segment-lifecycle-validation.json",
  "fixtures/conformance/harry-test-heelo.myshopify.com/2025-01/shipping-fulfillments/delivery-customization-promise-settings-blockers.json",
  "fixtures/conformance/harry-test-heelo.myshopify.com/2025-01/store-properties/publishable-publish-current-shop-count-parity.json",
  "fixtures/conformance/harry-test-heelo.myshopify.com/2025-01/store-properties/publishable-publish-shop-count-parity.json",
  "fixtures/conformance/harry-test-heelo.myshopify.com/2025-01/store-properties/publishable-unpublish-current-shop-count-parity.json",
  "fixtures/conformance/harry-test-heelo.myshopify.com/2025-01/store-properties/publishable-unpublish-shop-count-parity.json",
  "fixtures/conformance/harry-test-heelo.myshopify.com/2026-04/apps/delegate-access-token-create-validation.json",
  "fixtures/conformance/harry-test-heelo.myshopify.com/2026-04/apps/delegate-access-token-destroy-codes.json",
  "fixtures/conformance/harry-test-heelo.myshopify.com/2026-04/b2b/b2b-company-create-lifecycle.json",
  "fixtures/conformance/harry-test-heelo.myshopify.com/2026-04/bulk-operations/bulk-operation-run-mutation-validators.json",
  "fixtures/conformance/harry-test-heelo.myshopify.com/2026-04/functions/functions-cart-transform-create-validation.json",
  "fixtures/conformance/harry-test-heelo.myshopify.com/2026-04/localization/localization-locale-translation-fixture.json",
  "fixtures/conformance/harry-test-heelo.myshopify.com/2026-04/markets/catalog-create-missing-context.json",
  "fixtures/conformance/harry-test-heelo.myshopify.com/2026-04/markets/catalog-lifecycle-validation.json",
  "fixtures/conformance/harry-test-heelo.myshopify.com/2026-04/markets/market-catalog-detail.json",
  "fixtures/conformance/harry-test-heelo.myshopify.com/2026-04/markets/market-catalogs.json",
  "fixtures/conformance/harry-test-heelo.myshopify.com/2026-04/markets/market-create-status-enabled-mismatch.json",
  "fixtures/conformance/harry-test-heelo.myshopify.com/2026-04/markets/market-detail.json",
  "fixtures/conformance/harry-test-heelo.myshopify.com/2026-04/markets/market-localizable-empty-read.json",
  "fixtures/conformance/harry-test-heelo.myshopify.com/2026-04/markets/market-localization-validation.json",
  "fixtures/conformance/harry-test-heelo.myshopify.com/2026-04/markets/market-localizations-register-too-many-keys.json",
  "fixtures/conformance/harry-test-heelo.myshopify.com/2026-04/markets/market-web-presence-delete-parity.json",
  "fixtures/conformance/harry-test-heelo.myshopify.com/2026-04/markets/market-web-presence-validation.json",
  "fixtures/conformance/harry-test-heelo.myshopify.com/2026-04/markets/market-web-presences.json",
  "fixtures/conformance/harry-test-heelo.myshopify.com/2026-04/markets/price-list-create-dkk.json",
  "fixtures/conformance/harry-test-heelo.myshopify.com/2026-04/markets/price-list-detail.json",
  "fixtures/conformance/harry-test-heelo.myshopify.com/2026-04/markets/price-list-fixed-prices-by-product-update-parity.json",
  "fixtures/conformance/harry-test-heelo.myshopify.com/2026-04/markets/price-list-mutation-validation.json",
  "fixtures/conformance/harry-test-heelo.myshopify.com/2026-04/markets/price-list-prices-filtered.json",
  "fixtures/conformance/harry-test-heelo.myshopify.com/2026-04/markets/price-lists.json",
  "fixtures/conformance/harry-test-heelo.myshopify.com/2026-04/metaobjects/metaobject-create-cold-hydration.json",
  "fixtures/conformance/harry-test-heelo.myshopify.com/2026-04/orders/orderMarkAsPaid-state-and-money-cleanup.json",
  "fixtures/conformance/harry-test-heelo.myshopify.com/2026-04/orders/return-reverse-logistics-introspection.json",
  "fixtures/conformance/harry-test-heelo.myshopify.com/2026-04/shipping-fulfillments/carrier-service-lifecycle.json",
  "fixtures/conformance/harry-test-heelo.myshopify.com/2026-04/shipping-fulfillments/delivery-profiles-read.json",
  "fixtures/conformance/harry-test-heelo.myshopify.com/2026-04/shipping-fulfillments/fulfillment-order-request-lifecycle.json",
  "fixtures/conformance/harry-test-heelo.myshopify.com/2026-04/shipping-fulfillments/fulfillment-service-lifecycle.json",
  "fixtures/conformance/harry-test-heelo.myshopify.com/2026-04/shipping-fulfillments/fulfillment-top-level-reads.json",
  "fixtures/conformance/harry-test-heelo.myshopify.com/2026-04/store-properties/location-custom-id-miss.json",
  "fixtures/conformance/harry-test-heelo.myshopify.com/2026-04/store-properties/location-lifecycle-validation.json",
  "fixtures/conformance/harry-test-heelo.myshopify.com/2026-04/store-properties/location-mutation-validation.json",
  "fixtures/conformance/local-runtime/2025-01/customers/customer_delete_blocked_by_orders.json",
  "fixtures/conformance/local-runtime/2025-01/customers/customer_delete_no_orders_control.json",
  "fixtures/conformance/local-runtime/2025-01/gift-cards/gift-card-mutation-user-error-codes.json",
  "fixtures/conformance/local-runtime/2025-01/gift-cards/gift-card-trial-shop-assignment.json",
  "fixtures/conformance/local-runtime/2025-01/metafields/metafield-definition-create-input-validation.json",
  "fixtures/conformance/local-runtime/2025-01/orders/fulfillment-state-preconditions.json",
  "fixtures/conformance/local-runtime/2025-01/shipping-fulfillments/shipping-package-default-lifecycle-local-runtime.json",
  "fixtures/conformance/local-runtime/2025-01/shipping-fulfillments/shipping-package-update-flat-rate.json",
  "fixtures/conformance/local-runtime/2026-04/apps/app-billing-access-local-staging.json",
  "fixtures/conformance/local-runtime/2026-04/apps/app-purchase-one-time-create-validation.json",
  "fixtures/conformance/local-runtime/2026-04/apps/app-revoke-access-scopes-codes.json",
  "fixtures/conformance/local-runtime/2026-04/apps/app-subscription-activation-readback.json",
  "fixtures/conformance/local-runtime/2026-04/apps/app-subscription-line-item-update-validation.json",
  "fixtures/conformance/local-runtime/2026-04/apps/app-subscription-trial-extend-validation.json",
  "fixtures/conformance/local-runtime/2026-04/apps/app-usage-record-create-cap-and-idempotency.json",
  "fixtures/conformance/local-runtime/2026-04/functions/functions-metadata-flow.json",
  "fixtures/conformance/local-runtime/2026-04/functions/functions-owner-metadata-flow.json",
  "fixtures/conformance/local-runtime/2026-04/functions/functions-validation-create-validation.json",
  "fixtures/conformance/local-runtime/2026-04/functions/functions-validation-max-cap.json",
  "fixtures/conformance/local-runtime/2026-04/functions/functions-validation-update-shape.json",
  "fixtures/conformance/local-runtime/2026-04/media/file-update-product-reference-local-runtime.json",
  "fixtures/conformance/local-runtime/2026-04/metafields/standard-metafield-definition-enable-error-branches.json",
  "fixtures/conformance/local-runtime/2026-04/metaobjects/metaobject-capability-not-enabled.json",
  "fixtures/conformance/local-runtime/2026-04/metaobjects/metaobject-definition-draft-flow.json",
  "fixtures/conformance/local-runtime/2026-04/online-store/comment-moderation-status-enums.json",
  "fixtures/conformance/local-runtime/2026-04/online-store/event_bridge_server_pixel_update_arn_format.json",
  "fixtures/conformance/local-runtime/2026-04/online-store/integration-delete-not-found-codes.json",
  "fixtures/conformance/local-runtime/2026-04/online-store/mobile-platform-application-update-local-staging.json",
  "fixtures/conformance/local-runtime/2026-04/online-store/mobile_platform_application_create_blank_application_id.json",
  "fixtures/conformance/local-runtime/2026-04/online-store/mobile_platform_application_create_duplicate_platform.json",
  "fixtures/conformance/local-runtime/2026-04/online-store/mobile_platform_application_create_requires_one_platform.json",
  "fixtures/conformance/local-runtime/2026-04/online-store/online-store-blog-commentable-local-staging.json",
  "fixtures/conformance/local-runtime/2026-04/online-store/online-store-integrations-local-staging.json",
  "fixtures/conformance/local-runtime/2026-04/online-store/online-store-page-default-publish-local-staging.json",
  "fixtures/conformance/local-runtime/2026-04/online-store/pub_sub_server_pixel_update_blank_required.json",
  "fixtures/conformance/local-runtime/2026-04/online-store/script-tag-create-validates-src.json",
  "fixtures/conformance/local-runtime/2026-04/online-store/script-tag-update-validation.json",
  "fixtures/conformance/local-runtime/2026-04/online-store/server_pixel_endpoint_update_no_pixel.json",
  "fixtures/conformance/local-runtime/2026-04/online-store/storefront-access-token-local-staging.json",
  "fixtures/conformance/local-runtime/2026-04/online-store/theme-files-checksums-and-validation.json",
  "fixtures/conformance/local-runtime/2026-04/online-store/theme-publish-demotes-previous-main.json",
  "fixtures/conformance/local-runtime/2026-04/online-store/theme-update-validation-local-runtime.json",
  "fixtures/conformance/local-runtime/2026-04/online-store/web-pixel-create-duplicate-returns-taken.json",
  "fixtures/conformance/local-runtime/2026-04/online-store/web-pixel-update-validation-local-runtime.json",
  "fixtures/conformance/local-runtime/2026-04/orders/abandonmentUpdateActivitiesDeliveryStatuses-edge-cases.json",
  "fixtures/conformance/local-runtime/2026-04/orders/orderCancel-state-transitions.json",
  "fixtures/conformance/local-runtime/2026-04/orders/orderCustomerSet-and-Remove-error-paths.json",
  "fixtures/conformance/local-runtime/2026-04/orders/orderDelete-cascade-and-deletability.json",
  "fixtures/conformance/local-runtime/2026-04/orders/return-lifecycle-local-staging.json",
  "fixtures/conformance/local-runtime/2026-04/orders/return-quantity-validation.json",
  "fixtures/conformance/local-runtime/2026-04/payments/payment-terms-create-on-order.json",
  "fixtures/conformance/local-runtime/2026-04/payments/payment-terms-delete-owner-cascade.json",
  "fixtures/conformance/local-runtime/2026-04/products/inventory-shipment-lifecycle-local-staging.json",
  "fixtures/conformance/local-runtime/2026-04/products/inventory-shipment-partial-receive-update-delete-local-staging.json",
  "fixtures/conformance/local-runtime/2026-04/products/inventory-shipment-validation-local-runtime.json",
  "fixtures/conformance/local-runtime/2026-04/products/inventory-transfer-ready-item-adjustments-local-staging.json",
  "fixtures/conformance/local-runtime/2026-04/products/productJoinLeaveSellingPlanGroups-validation.json",
  "fixtures/conformance/local-runtime/2026-04/products/publication-create-validation.json",
  "fixtures/conformance/local-runtime/2026-04/products/publication-delete-default-validation.json",
  "fixtures/conformance/local-runtime/2026-04/products/publication-roots-local-runtime.json",
  "fixtures/conformance/local-runtime/2026-04/segments/segment-payload-non-null-fields.json",
  "fixtures/conformance/local-runtime/2026-04/shipping-fulfillments/assigned-fulfillment-orders-filtering-local-runtime.json",
  "fixtures/conformance/local-runtime/2026-04/shipping-fulfillments/fulfillment-order-hold-input-arguments-local-runtime.json",
  "fixtures/conformance/local-runtime/2026-04/shipping-fulfillments/fulfillment-order-move-assignment-status.json",
  "fixtures/conformance/local-runtime/2026-04/shipping-fulfillments/fulfillment-orders-set-deadline-validation-local-runtime.json",
  "fixtures/conformance/local-runtime/2026-04/store-properties/location-activate-limit-and-relocation.json",
  "fixtures/conformance/local-runtime/2026-05/apps/app-revoke-access-scopes-error-codes.json",
  "fixtures/conformance/local-runtime/2026-05/apps/app-uninstall-error-codes-and-cascade.json",
  "fixtures/conformance/local-runtime/2026-05/orders/money-bag-presentment-parity.json",
  "fixtures/conformance/local-runtime/2026-05/payments/payment-reminder-send-shape.json",
  "fixtures/conformance/very-big-test-store.myshopify.com/2025-01/admin-platform/admin-graphql-root-operation-introspection.json",
  "fixtures/conformance/very-big-test-store.myshopify.com/2025-01/customers/customers-advanced-search.json",
  "fixtures/conformance/very-big-test-store.myshopify.com/2025-01/customers/customers-catalog.json",
  "fixtures/conformance/very-big-test-store.myshopify.com/2025-01/customers/customers-count.json",
  "fixtures/conformance/very-big-test-store.myshopify.com/2025-01/customers/customers-relevance-search.json",
  "fixtures/conformance/very-big-test-store.myshopify.com/2025-01/customers/customers-search.json",
  "fixtures/conformance/very-big-test-store.myshopify.com/2025-01/customers/customers-sort-keys.json",
  "fixtures/conformance/very-big-test-store.myshopify.com/2025-01/media/file-create-delete-parity.json",
  "fixtures/conformance/very-big-test-store.myshopify.com/2025-01/media/file-delete-product-media-parity.json",
  "fixtures/conformance/very-big-test-store.myshopify.com/2025-01/media/file-update-parity.json",
  "fixtures/conformance/very-big-test-store.myshopify.com/2025-01/metafields/metafields-delete-parity.json",
  "fixtures/conformance/very-big-test-store.myshopify.com/2025-01/metafields/metafields-set-parity.json",
  "fixtures/conformance/very-big-test-store.myshopify.com/2025-01/orders/draft-orders-catalog.json",
  "fixtures/conformance/very-big-test-store.myshopify.com/2025-01/orders/draft-orders-count.json",
  "fixtures/conformance/very-big-test-store.myshopify.com/2025-01/orders/draft-orders-invalid-email-query.json",
  "fixtures/conformance/very-big-test-store.myshopify.com/2025-01/orders/fulfillment-cancel-inline-missing-id.json",
  "fixtures/conformance/very-big-test-store.myshopify.com/2025-01/orders/fulfillment-cancel-inline-null-id.json",
  "fixtures/conformance/very-big-test-store.myshopify.com/2025-01/orders/fulfillment-cancel-missing-id.json",
  "fixtures/conformance/very-big-test-store.myshopify.com/2025-01/orders/fulfillment-cancel-parity.json",
  "fixtures/conformance/very-big-test-store.myshopify.com/2025-01/orders/fulfillment-create-invalid-id.json",
  "fixtures/conformance/very-big-test-store.myshopify.com/2025-01/orders/fulfillment-tracking-info-update-inline-missing-id.json",
  "fixtures/conformance/very-big-test-store.myshopify.com/2025-01/orders/fulfillment-tracking-info-update-inline-null-id.json",
  "fixtures/conformance/very-big-test-store.myshopify.com/2025-01/orders/fulfillment-tracking-info-update-missing-id.json",
  "fixtures/conformance/very-big-test-store.myshopify.com/2025-01/orders/fulfillment-tracking-info-update-parity.json",
  "fixtures/conformance/very-big-test-store.myshopify.com/2025-01/orders/refund-create-full-parity.json",
  "fixtures/conformance/very-big-test-store.myshopify.com/2025-01/orders/refund-create-over-refund-user-errors.json",
  "fixtures/conformance/very-big-test-store.myshopify.com/2025-01/orders/refund-create-partial-shipping-restock-parity.json",
  "fixtures/conformance/very-big-test-store.myshopify.com/2025-01/products/collections-catalog.json",
  "fixtures/conformance/very-big-test-store.myshopify.com/2025-01/products/inventory-adjust-quantities-parity.json",
  "fixtures/conformance/very-big-test-store.myshopify.com/2025-01/products/products-advanced-search.json",
  "fixtures/conformance/very-big-test-store.myshopify.com/2025-01/products/products-catalog-page.json",
  "fixtures/conformance/very-big-test-store.myshopify.com/2025-01/products/products-or-precedence.json",
  "fixtures/conformance/very-big-test-store.myshopify.com/2025-01/products/products-relevance-search.json",
  "fixtures/conformance/very-big-test-store.myshopify.com/2025-01/products/products-search-grammar.json",
  "fixtures/conformance/very-big-test-store.myshopify.com/2025-01/products/products-search-pagination.json",
  "fixtures/conformance/very-big-test-store.myshopify.com/2025-01/products/products-search.json",
  "fixtures/conformance/very-big-test-store.myshopify.com/2025-01/products/products-sort-keys.json",
  "fixtures/conformance/very-big-test-store.myshopify.com/2025-01/products/publications-catalog.json",
  "fixtures/conformance/very-big-test-store.myshopify.com/2025-01/products/tags-add-parity.json",
  "fixtures/conformance/very-big-test-store.myshopify.com/2025-01/products/tags-remove-parity.json",
  "fixtures/conformance/very-big-test-store.myshopify.com/2025-01/store-properties/business-entities-catalog.json",
  "fixtures/conformance/very-big-test-store.myshopify.com/2025-01/store-properties/business-entity-fallbacks.json",
  "fixtures/conformance/very-big-test-store.myshopify.com/2026-04/markets/market-catalogs.json",
  "fixtures/conformance/very-big-test-store.myshopify.com/2026-04/markets/market-detail.json",
  "fixtures/conformance/very-big-test-store.myshopify.com/2026-04/markets/market-web-presences.json",
  "fixtures/conformance/very-big-test-store.myshopify.com/2026-04/orders/orderCancel-parity.json",
  "fixtures/conformance/very-big-test-store.myshopify.com/2026-04/orders/orderClose-parity.json",
  "fixtures/conformance/very-big-test-store.myshopify.com/2026-04/orders/orderCreateManualPayment-access-denied-parity.json",
  "fixtures/conformance/very-big-test-store.myshopify.com/2026-04/orders/orderCustomerRemove-parity.json",
  "fixtures/conformance/very-big-test-store.myshopify.com/2026-04/orders/orderCustomerSet-parity.json",
  "fixtures/conformance/very-big-test-store.myshopify.com/2026-04/orders/orderInvoiceSend-parity.json",
  "fixtures/conformance/very-big-test-store.myshopify.com/2026-04/orders/orderMarkAsPaid-parity.json",
  "fixtures/conformance/very-big-test-store.myshopify.com/2026-04/orders/orderOpen-parity.json",
  "fixtures/conformance/very-big-test-store.myshopify.com/2026-04/orders/taxSummaryCreate-access-denied-parity.json",
  "fixtures/conformance/very-big-test-store.myshopify.com/2026-04/store-properties/business-entities-catalog.json",
  "fixtures/conformance/very-big-test-store.myshopify.com/2026-04/store-properties/business-entity-fallbacks.json",
]
`;
