// Vitest Snapshot v1, https://vitest.dev/guide/snapshot.html

exports[`conformance capture index > profiles checked-in live Shopify fixtures without recorder-declared outputs 1`] = `
[
  "fixtures/conformance/harry-test-heelo.myshopify.com/2025-01/b2b/b2b-company-mutation-validation.json",
  "fixtures/conformance/harry-test-heelo.myshopify.com/2025-01/b2b/b2b-company-roots-read.json",
  "fixtures/conformance/harry-test-heelo.myshopify.com/2025-01/events/event-empty-read.json",
  "fixtures/conformance/harry-test-heelo.myshopify.com/2025-01/markets/quantity-pricing-rules-parity.json",
  "fixtures/conformance/harry-test-heelo.myshopify.com/2025-01/metafields/metafield-definitions-product-read.json",
  "fixtures/conformance/harry-test-heelo.myshopify.com/2025-01/online-store-article-media-navigation-follow-through.json",
  "fixtures/conformance/harry-test-heelo.myshopify.com/2025-01/online-store/online-store-content-lifecycle.json",
  "fixtures/conformance/harry-test-heelo.myshopify.com/2025-01/payments/payment-customization-empty-read.json",
  "fixtures/conformance/harry-test-heelo.myshopify.com/2025-01/payments/payment-customization-validation.json",
  "fixtures/conformance/harry-test-heelo.myshopify.com/2025-01/payments/payment-reminder-send-eligibility.json",
  "fixtures/conformance/harry-test-heelo.myshopify.com/2025-01/payments/payment-terms-templates-read.json",
  "fixtures/conformance/harry-test-heelo.myshopify.com/2025-01/payments/shopify-payments-account-access-denied.json",
  "fixtures/conformance/harry-test-heelo.myshopify.com/2025-01/products/inventory-transfer-create-validation.json",
  "fixtures/conformance/harry-test-heelo.myshopify.com/2025-01/products/inventory-transfer-lifecycle-local-staging.json",
  "fixtures/conformance/harry-test-heelo.myshopify.com/2025-01/saved-searches/saved-search-url-redirects.json",
  "fixtures/conformance/harry-test-heelo.myshopify.com/2025-01/segments/segment-lifecycle-validation.json",
  "fixtures/conformance/harry-test-heelo.myshopify.com/2025-01/shipping-fulfillments/delivery-customization-promise-settings-blockers.json",
  "fixtures/conformance/harry-test-heelo.myshopify.com/2026-04/apps/delegate-access-token-create-validation.json",
  "fixtures/conformance/harry-test-heelo.myshopify.com/2026-04/apps/delegate-access-token-destroy-codes.json",
  "fixtures/conformance/harry-test-heelo.myshopify.com/2026-04/b2b/b2b-company-create-lifecycle.json",
  "fixtures/conformance/harry-test-heelo.myshopify.com/2026-04/bulk-operations/bulk-operation-run-mutation-validators.json",
  "fixtures/conformance/harry-test-heelo.myshopify.com/2026-04/functions/functions-cart-transform-create-validation.json",
  "fixtures/conformance/harry-test-heelo.myshopify.com/2026-04/localization/localization-locale-translation-fixture.json",
  "fixtures/conformance/harry-test-heelo.myshopify.com/2026-04/markets/catalog-create-missing-context.json",
  "fixtures/conformance/harry-test-heelo.myshopify.com/2026-04/markets/catalog-lifecycle-validation.json",
  "fixtures/conformance/harry-test-heelo.myshopify.com/2026-04/markets/market-create-status-enabled-mismatch.json",
  "fixtures/conformance/harry-test-heelo.myshopify.com/2026-04/markets/market-localizable-empty-read.json",
  "fixtures/conformance/harry-test-heelo.myshopify.com/2026-04/markets/market-localization-validation.json",
  "fixtures/conformance/harry-test-heelo.myshopify.com/2026-04/markets/market-localizations-register-too-many-keys.json",
  "fixtures/conformance/harry-test-heelo.myshopify.com/2026-04/markets/market-web-presence-delete-parity.json",
  "fixtures/conformance/harry-test-heelo.myshopify.com/2026-04/markets/market-web-presence-validation.json",
  "fixtures/conformance/harry-test-heelo.myshopify.com/2026-04/markets/price-list-create-dkk.json",
  "fixtures/conformance/harry-test-heelo.myshopify.com/2026-04/markets/price-list-fixed-prices-by-product-update-parity.json",
  "fixtures/conformance/harry-test-heelo.myshopify.com/2026-04/markets/price-list-mutation-validation.json",
  "fixtures/conformance/harry-test-heelo.myshopify.com/2026-04/metaobjects/metaobject-create-cold-hydration.json",
  "fixtures/conformance/harry-test-heelo.myshopify.com/2026-04/shipping-fulfillments/carrier-service-lifecycle.json",
  "fixtures/conformance/harry-test-heelo.myshopify.com/2026-04/shipping-fulfillments/fulfillment-order-request-lifecycle.json",
  "fixtures/conformance/harry-test-heelo.myshopify.com/2026-04/shipping-fulfillments/fulfillment-service-lifecycle.json",
  "fixtures/conformance/harry-test-heelo.myshopify.com/2026-04/shipping-fulfillments/fulfillment-top-level-reads.json",
  "fixtures/conformance/harry-test-heelo.myshopify.com/2026-04/store-properties/location-lifecycle-validation.json",
  "fixtures/conformance/harry-test-heelo.myshopify.com/2026-04/store-properties/location-mutation-validation.json",
]
`;
