// Vitest Snapshot v1, https://vitest.dev/guide/snapshot.html

exports[`GraphQL operation coverage > snapshots introspected Admin GraphQL mutations that are not formally supported yet 1`] = `
[
  "abandonmentUpdateActivitiesDeliveryStatuses",
  "appPurchaseOneTimeCreate",
  "appRevokeAccessScopes",
  "appSubscriptionCancel",
  "appSubscriptionCreate",
  "appSubscriptionLineItemUpdate",
  "appSubscriptionTrialExtend",
  "appUninstall",
  "appUsageRecordCreate",
  "articleCreate",
  "articleDelete",
  "articleUpdate",
  "backupRegionUpdate",
  "blogCreate",
  "blogDelete",
  "blogUpdate",
  "bulkOperationCancel",
  "bulkOperationRunMutation",
  "bulkOperationRunQuery",
  "bulkProductResourceFeedbackCreate",
  "carrierServiceCreate",
  "carrierServiceDelete",
  "carrierServiceUpdate",
  "cartTransformCreate",
  "cartTransformDelete",
  "catalogContextUpdate",
  "catalogCreate",
  "catalogDelete",
  "catalogUpdate",
  "collectionAddProductsV2",
  "combinedListingUpdate",
  "commentApprove",
  "commentDelete",
  "commentNotSpam",
  "commentSpam",
  "companiesDelete",
  "companyAddressDelete",
  "companyAssignCustomerAsContact",
  "companyAssignMainContact",
  "companyContactAssignRole",
  "companyContactAssignRoles",
  "companyContactCreate",
  "companyContactDelete",
  "companyContactRemoveFromCompany",
  "companyContactRevokeRole",
  "companyContactRevokeRoles",
  "companyContactsDelete",
  "companyContactSendWelcomeEmail",
  "companyContactUpdate",
  "companyCreate",
  "companyDelete",
  "companyLocationAssignAddress",
  "companyLocationAssignRoles",
  "companyLocationAssignStaffMembers",
  "companyLocationCreate",
  "companyLocationDelete",
  "companyLocationRemoveStaffMembers",
  "companyLocationRevokeRoles",
  "companyLocationsDelete",
  "companyLocationTaxSettingsUpdate",
  "companyLocationUpdate",
  "companyRevokeMainContact",
  "companyUpdate",
  "consentPolicyUpdate",
  "customerAddressCreate",
  "customerAddressDelete",
  "customerAddressUpdate",
  "customerAddTaxExemptions",
  "customerCancelDataErasure",
  "customerGenerateAccountActivationUrl",
  "customerPaymentMethodCreateFromDuplicationData",
  "customerPaymentMethodCreditCardCreate",
  "customerPaymentMethodCreditCardUpdate",
  "customerPaymentMethodGetDuplicationData",
  "customerPaymentMethodGetUpdateUrl",
  "customerPaymentMethodPaypalBillingAgreementCreate",
  "customerPaymentMethodPaypalBillingAgreementUpdate",
  "customerPaymentMethodRemoteCreate",
  "customerPaymentMethodRevoke",
  "customerPaymentMethodSendUpdateEmail",
  "customerRemoveTaxExemptions",
  "customerReplaceTaxExemptions",
  "customerRequestDataErasure",
  "customerSegmentMembersQueryCreate",
  "customerSendAccountInviteEmail",
  "customerSet",
  "customerUpdateDefaultAddress",
  "dataSaleOptOut",
  "delegateAccessTokenCreate",
  "delegateAccessTokenDestroy",
  "deliveryCustomizationActivation",
  "deliveryCustomizationCreate",
  "deliveryCustomizationDelete",
  "deliveryCustomizationUpdate",
  "deliveryProfileCreate",
  "deliveryProfileRemove",
  "deliveryProfileUpdate",
  "deliveryPromiseParticipantsUpdate",
  "deliveryPromiseProviderUpsert",
  "deliverySettingUpdate",
  "discountAutomaticActivate",
  "discountAutomaticAppCreate",
  "discountAutomaticAppUpdate",
  "discountAutomaticBasicCreate",
  "discountAutomaticBasicUpdate",
  "discountAutomaticBulkDelete",
  "discountAutomaticBxgyCreate",
  "discountAutomaticBxgyUpdate",
  "discountAutomaticDeactivate",
  "discountAutomaticDelete",
  "discountAutomaticFreeShippingCreate",
  "discountAutomaticFreeShippingUpdate",
  "discountCodeActivate",
  "discountCodeAppCreate",
  "discountCodeAppUpdate",
  "discountCodeBasicCreate",
  "discountCodeBasicUpdate",
  "discountCodeBulkActivate",
  "discountCodeBulkDeactivate",
  "discountCodeBulkDelete",
  "discountCodeBxgyCreate",
  "discountCodeBxgyUpdate",
  "discountCodeDeactivate",
  "discountCodeDelete",
  "discountCodeFreeShippingCreate",
  "discountCodeFreeShippingUpdate",
  "discountCodeRedeemCodeBulkDelete",
  "discountRedeemCodeBulkAdd",
  "disputeEvidenceUpdate",
  "draftOrderBulkAddTags",
  "draftOrderBulkDelete",
  "draftOrderBulkRemoveTags",
  "draftOrderCalculate",
  "draftOrderInvoicePreview",
  "eventBridgeServerPixelUpdate",
  "fileAcknowledgeUpdateFailed",
  "flowGenerateSignature",
  "flowTriggerReceive",
  "fulfillmentConstraintRuleCreate",
  "fulfillmentConstraintRuleDelete",
  "fulfillmentConstraintRuleUpdate",
  "fulfillmentEventCreate",
  "fulfillmentOrderAcceptCancellationRequest",
  "fulfillmentOrderAcceptFulfillmentRequest",
  "fulfillmentOrderCancel",
  "fulfillmentOrderClose",
  "fulfillmentOrderHold",
  "fulfillmentOrderLineItemsPreparedForPickup",
  "fulfillmentOrderMerge",
  "fulfillmentOrderMove",
  "fulfillmentOrderOpen",
  "fulfillmentOrderRejectCancellationRequest",
  "fulfillmentOrderRejectFulfillmentRequest",
  "fulfillmentOrderReleaseHold",
  "fulfillmentOrderReschedule",
  "fulfillmentOrderSplit",
  "fulfillmentOrdersSetFulfillmentDeadline",
  "fulfillmentOrderSubmitCancellationRequest",
  "fulfillmentOrderSubmitFulfillmentRequest",
  "fulfillmentServiceCreate",
  "fulfillmentServiceDelete",
  "fulfillmentServiceUpdate",
  "giftCardCreate",
  "giftCardCredit",
  "giftCardDeactivate",
  "giftCardDebit",
  "giftCardSendNotificationToCustomer",
  "giftCardSendNotificationToRecipient",
  "giftCardUpdate",
  "inventoryMoveQuantities",
  "inventorySetQuantities",
  "inventoryShipmentAddItems",
  "inventoryShipmentCreate",
  "inventoryShipmentCreateInTransit",
  "inventoryShipmentDelete",
  "inventoryShipmentMarkInTransit",
  "inventoryShipmentReceive",
  "inventoryShipmentRemoveItems",
  "inventoryShipmentSetTracking",
  "inventoryShipmentUpdateItemQuantities",
  "inventoryTransferCancel",
  "inventoryTransferCreate",
  "inventoryTransferCreateAsReadyToShip",
  "inventoryTransferDelete",
  "inventoryTransferDuplicate",
  "inventoryTransferEdit",
  "inventoryTransferMarkAsReadyToShip",
  "inventoryTransferRemoveItems",
  "inventoryTransferSetItems",
  "locationActivate",
  "locationAdd",
  "locationDeactivate",
  "locationDelete",
  "locationEdit",
  "locationLocalPickupDisable",
  "locationLocalPickupEnable",
  "marketingActivitiesDeleteAllExternal",
  "marketingActivityCreate",
  "marketingActivityCreateExternal",
  "marketingActivityDeleteExternal",
  "marketingActivityUpdate",
  "marketingActivityUpdateExternal",
  "marketingActivityUpsertExternal",
  "marketingEngagementCreate",
  "marketingEngagementsDelete",
  "marketLocalizationsRegister",
  "marketLocalizationsRemove",
  "menuCreate",
  "menuDelete",
  "menuUpdate",
  "metafieldDefinitionCreate",
  "metafieldDefinitionDelete",
  "metafieldDefinitionPin",
  "metafieldDefinitionUnpin",
  "metafieldDefinitionUpdate",
  "metaobjectBulkDelete",
  "metaobjectCreate",
  "metaobjectDefinitionCreate",
  "metaobjectDefinitionDelete",
  "metaobjectDefinitionUpdate",
  "metaobjectDelete",
  "metaobjectUpdate",
  "metaobjectUpsert",
  "mobilePlatformApplicationCreate",
  "mobilePlatformApplicationDelete",
  "mobilePlatformApplicationUpdate",
  "orderCapture",
  "orderCreateMandatePayment",
  "orderDelete",
  "orderEditAddCustomItem",
  "orderEditAddLineItemDiscount",
  "orderEditAddShippingLine",
  "orderEditRemoveDiscount",
  "orderEditRemoveShippingLine",
  "orderEditUpdateDiscount",
  "orderEditUpdateShippingLine",
  "orderRiskAssessmentCreate",
  "pageCreate",
  "pageDelete",
  "pageUpdate",
  "paymentCustomizationActivation",
  "paymentCustomizationCreate",
  "paymentCustomizationDelete",
  "paymentCustomizationUpdate",
  "paymentReminderSend",
  "paymentTermsCreate",
  "paymentTermsDelete",
  "paymentTermsUpdate",
  "priceListCreate",
  "priceListDelete",
  "priceListFixedPricesAdd",
  "priceListFixedPricesByProductUpdate",
  "priceListFixedPricesDelete",
  "priceListFixedPricesUpdate",
  "priceListUpdate",
  "privacyFeaturesDisable",
  "productBundleCreate",
  "productBundleUpdate",
  "productFeedCreate",
  "productFeedDelete",
  "productFullSync",
  "productJoinSellingPlanGroups",
  "productLeaveSellingPlanGroups",
  "productOptionsReorder",
  "productReorderMedia",
  "productVariantAppendMedia",
  "productVariantDetachMedia",
  "productVariantJoinSellingPlanGroups",
  "productVariantLeaveSellingPlanGroups",
  "productVariantRelationshipBulkUpdate",
  "productVariantsBulkReorder",
  "publicationCreate",
  "publicationDelete",
  "publicationUpdate",
  "pubSubServerPixelUpdate",
  "quantityPricingByVariantUpdate",
  "quantityRulesAdd",
  "quantityRulesDelete",
  "removeFromReturn",
  "returnApproveRequest",
  "returnCancel",
  "returnClose",
  "returnCreate",
  "returnDeclineRequest",
  "returnProcess",
  "returnReopen",
  "returnRequest",
  "reverseDeliveryCreateWithShipping",
  "reverseDeliveryShippingUpdate",
  "reverseFulfillmentOrderDispose",
  "savedSearchCreate",
  "savedSearchDelete",
  "savedSearchUpdate",
  "scriptTagCreate",
  "scriptTagDelete",
  "scriptTagUpdate",
  "sellingPlanGroupAddProducts",
  "sellingPlanGroupAddProductVariants",
  "sellingPlanGroupCreate",
  "sellingPlanGroupDelete",
  "sellingPlanGroupRemoveProducts",
  "sellingPlanGroupRemoveProductVariants",
  "sellingPlanGroupUpdate",
  "serverPixelCreate",
  "serverPixelDelete",
  "shippingPackageDelete",
  "shippingPackageMakeDefault",
  "shippingPackageUpdate",
  "shopifyPaymentsPayoutAlternateCurrencyCreate",
  "shopLocaleDisable",
  "shopLocaleEnable",
  "shopLocaleUpdate",
  "shopResourceFeedbackCreate",
  "stagedUploadsCreate",
  "standardMetafieldDefinitionEnable",
  "standardMetaobjectDefinitionEnable",
  "storeCreditAccountCredit",
  "storeCreditAccountDebit",
  "storefrontAccessTokenCreate",
  "storefrontAccessTokenDelete",
  "subscriptionBillingAttemptCreate",
  "subscriptionBillingCycleBulkCharge",
  "subscriptionBillingCycleBulkSearch",
  "subscriptionBillingCycleCharge",
  "subscriptionBillingCycleContractDraftCommit",
  "subscriptionBillingCycleContractDraftConcatenate",
  "subscriptionBillingCycleContractEdit",
  "subscriptionBillingCycleEditDelete",
  "subscriptionBillingCycleEditsDelete",
  "subscriptionBillingCycleScheduleEdit",
  "subscriptionBillingCycleSkip",
  "subscriptionBillingCycleUnskip",
  "subscriptionContractActivate",
  "subscriptionContractAtomicCreate",
  "subscriptionContractCancel",
  "subscriptionContractCreate",
  "subscriptionContractExpire",
  "subscriptionContractFail",
  "subscriptionContractPause",
  "subscriptionContractProductChange",
  "subscriptionContractSetNextBillingDate",
  "subscriptionContractUpdate",
  "subscriptionDraftCommit",
  "subscriptionDraftDiscountAdd",
  "subscriptionDraftDiscountCodeApply",
  "subscriptionDraftDiscountRemove",
  "subscriptionDraftDiscountUpdate",
  "subscriptionDraftFreeShippingDiscountAdd",
  "subscriptionDraftFreeShippingDiscountUpdate",
  "subscriptionDraftLineAdd",
  "subscriptionDraftLineRemove",
  "subscriptionDraftLineUpdate",
  "subscriptionDraftUpdate",
  "taxAppConfigure",
  "themeCreate",
  "themeDelete",
  "themeFilesCopy",
  "themeFilesDelete",
  "themeFilesUpsert",
  "themePublish",
  "themeUpdate",
  "transactionVoid",
  "translationsRegister",
  "translationsRemove",
  "urlRedirectBulkDeleteAll",
  "urlRedirectBulkDeleteByIds",
  "urlRedirectBulkDeleteBySavedSearch",
  "urlRedirectBulkDeleteBySearch",
  "urlRedirectCreate",
  "urlRedirectDelete",
  "urlRedirectImportCreate",
  "urlRedirectImportSubmit",
  "urlRedirectUpdate",
  "validationCreate",
  "validationDelete",
  "validationUpdate",
  "webhookSubscriptionCreate",
  "webhookSubscriptionDelete",
  "webhookSubscriptionUpdate",
  "webPixelCreate",
  "webPixelDelete",
  "webPixelUpdate",
  "webPresenceCreate",
  "webPresenceDelete",
  "webPresenceUpdate",
]
`;
